core_cm3.h:1511:22:__NVIC_EnableIRQ	16	static
core_cm3.h:1547:22:__NVIC_DisableIRQ	16	static,ignoring_inline_asm
main.c:106:5:main	32	static
main.c:202:6:SystemClock_Config	88	static
main.c:254:13:MX_I2C1_Init	8	static
main.c:288:13:MX_RTC_Init	8	static
main.c:318:13:MX_USART1_UART_Init	8	static
main.c:351:13:MX_GPIO_Init	40	static
main.c:392:6:EXTI15_10_IRQHandler	8	static
main.c:405:15:usbPowerDetected	8	static
main.c:410:13:configurePB14Interrupt	24	static
main.c:428:13:configurePA11Interrupt	24	static
main.c:446:9:isUSBConnected	16	static
main.c:456:6:serialMenu	56	static
main.c:469:6:serialMenuUSB	16	static
main.c:478:6:sleepTest	8	static
main.c:486:6:stopTest	8	static
main.c:494:6:HAL_RTC_AlarmAEventCallback	16	static
main.c:499:6:enterSleepMode	8	static
main.c:505:6:enterStopMode	4	static,ignoring_inline_asm
main.c:554:6:enterStandbyMode	8	static
main.c:560:6:setAlarm	16	static
main.c:575:6:resetTime	16	static
main.c:594:6:Error_Handler	4	static,ignoring_inline_asm
